<html xmlns:xi="http://www.w3.org/2001/XInclude">
<head>
<meta http-equiv="Content-Type" content="text/html; charset=utf-8">
<title>My Albums</title>
</head>
<body>
<header role="banner"><h1>My Albums</h1></header><div role="main"><ul class="albums">
<li class="album">
<h2>The Jimi Hendrix Experience</h2>
<p><a href="http://en.wikipedia.org/wiki/Are_You_Experienced">Are You Experienced (1967)</a></p>
</li>
<li class="album">
<h2>The White Stripes</h2>
<p><a href="http://en.wikipedia.org/wiki/White_Blood_Cells_(album)">White Blood Cells (2001)</a></p>
</li>
<li class="album">
<h2>The Black Keys</h2>
<p><a href="http://en.wikipedia.org/wiki/Thickfreakness">Thickfreakness (2003)</a></p>
</li>
</ul></div>
<p>Footer Text</p>
</body>
</html>
